
> prakritiportfolio@0.0.0 build
> vite build

[36mvite v8.0.14 [32mbuilding client environment for production...[36m[39m
[2K
transforming...Γ£ô 2235 modules transformed.
rendering chunks...
cmd : [31mΓ£ù[39m Build failed in 5.08s
At line:1 char:1
+ cmd /c npm run build > build_output.txt 2>&1
+ ~~~~~~~~~~~~~~~~~~~~~~~~~~~~~~~~~~~~~~~~~~~~
    + CategoryInfo          : NotSpecified: ([31mΓ£ù[39m Build failed in 5.08s:String) [], RemoteException
    + FullyQualifiedErrorId : NativeCommandError
 
[31merror during build:
[31mBuild failed with 3 errors:

[31m[MISSING_EXPORT] [0m"Figma" is not exported by "node_modules/lucide-react/dist/esm/lucide-react.mjs".
   [38;5;246mΓò¡[0m[38;5;246mΓöÇ[0m[38;5;246m[[0m src/components/experience/ExperienceHero.jsx:2:22 
[38;5;246m][0m
   [38;5;246mΓöé[0m
 [38;5;246m2 Γöé[0m 
[38;5;249mi[0m[38;5;249mm[0m[38;5;249mp[0m[38;5;249mo[0m[38;5;249mr[0m[38;5;249mt[0m[38;5;249m 
[0m[38;5;249m{[0m[38;5;249m [0m[38;5;249mA[0m[38;5;249mr[0m[38;5;249mr[0m[38;5;249mo[0m[38;5;249mw[0m[3
8;5;249mR[0m[38;5;249mi[0m[38;5;249mg[0m[38;5;249mh[0m[38;5;249mt[0m[38;5;249m,[0m[38;5;249m 
[0mFigma[38;5;249m,[0m[38;5;249m [0m[38;5;249mI[0m[38;5;249mn[0m[38;5;249ms[0m[38;5;249mt[0m[38;5;249ma[
0m[38;5;249mg[0m[38;5;249mr[0m[38;5;249ma[0m[38;5;249mm[0m[38;5;249m,[0m[38;5;249m [0m[38;5;249mL[0m[38;
5;249mi[0m[38;5;249mn[0m[38;5;249mk[0m[38;5;249me[0m[38;5;249md[0m[38;5;249mi[0m[38;5;249mn[0m[38;5;249m,
[0m[38;5;249m [0m[38;5;249mP[0m[38;5;249ma[0m[38;5;249mi[0m[38;5;249mn[0m[38;5;249mt[0m[38;5;249mb[0m[3
8;5;249mr[0m[38;5;249mu[0m[38;5;249ms[0m[38;5;249mh[0m[38;5;249m [0m[38;5;249m}[0m[38;5;249m 
[0m[38;5;249mf[0m[38;5;249mr[0m[38;5;249mo[0m[38;5;249mm[0m[38;5;249m [0m[38;5;249m"[0m[38;5;249ml[0m[3
8;5;249mu[0m[38;5;249mc[0m[38;5;249mi[0m[38;5;249md[0m[38;5;249me[0m[38;5;249m-[0m[38;5;249mr[0m[38;5;249
me[0m[38;5;249ma[0m[38;5;249mc[0m[38;5;249mt[0m[38;5;249m"[0m[38;5;249m;[0m
 [38;5;240m  Γöé[0m                      ΓöÇΓöÇΓö¼ΓöÇΓöÇ  
 [38;5;240m  Γöé[0m                        Γò░ΓöÇΓöÇΓöÇΓöÇ Missing export
[38;5;246mΓöÇΓöÇΓöÇΓò»[0m

[31m[MISSING_EXPORT] [0m"Instagram" is not exported by "node_modules/lucide-react/dist/esm/lucide-react.mjs".
   [38;5;246mΓò¡[0m[38;5;246mΓöÇ[0m[38;5;246m[[0m src/components/experience/ExperienceHero.jsx:2:29 
[38;5;246m][0m
   [38;5;246mΓöé[0m
 [38;5;246m2 Γöé[0m 
[38;5;249mi[0m[38;5;249mm[0m[38;5;249mp[0m[38;5;249mo[0m[38;5;249mr[0m[38;5;249mt[0m[38;5;249m 
[0m[38;5;249m{[0m[38;5;249m [0m[38;5;249mA[0m[38;5;249mr[0m[38;5;249mr[0m[38;5;249mo[0m[38;5;249mw[0m[3
8;5;249mR[0m[38;5;249mi[0m[38;5;249mg[0m[38;5;249mh[0m[38;5;249mt[0m[38;5;249m,[0m[38;5;249m 
[0m[38;5;249mF[0m[38;5;249mi[0m[38;5;249mg[0m[38;5;249mm[0m[38;5;249ma[0m[38;5;249m,[0m[38;5;249m 
[0mInstagram[38;5;249m,[0m[38;5;249m [0m[38;5;249mL[0m[38;5;249mi[0m[38;5;249mn[0m[38;5;249mk[0m[38;5;249
me[0m[38;5;249md[0m[38;5;249mi[0m[38;5;249mn[0m[38;5;249m,[0m[38;5;249m [0m[38;5;249mP[0m[38;5;249ma[0m
[38;5;249mi[0m[38;5;249mn[0m[38;5;249mt[0m[38;5;249mb[0m[38;5;249mr[0m[38;5;249mu[0m[38;5;249ms[0m[38;5;2
49mh[0m[38;5;249m [0m[38;5;249m}[0m[38;5;249m 
[0m[38;5;249mf[0m[38;5;249mr[0m[38;5;249mo[0m[38;5;249mm[0m[38;5;249m [0m[38;5;249m"[0m[38;5;249ml[0m[3
8;5;249mu[0m[38;5;249mc[0m[38;5;249mi[0m[38;5;249md[0m[38;5;249me[0m[38;5;249m-[0m[38;5;249mr[0m[38;5;249
me[0m[38;5;249ma[0m[38;5;249mc[0m[38;5;249mt[0m[38;5;249m"[0m[38;5;249m;[0m
 [38;5;240m  Γöé[0m                             ΓöÇΓöÇΓöÇΓöÇΓö¼ΓöÇΓöÇΓöÇΓöÇ  
 [38;5;240m  Γöé[0m                                 Γò░ΓöÇΓöÇΓöÇΓöÇΓöÇΓöÇ Missing export
[38;5;246mΓöÇΓöÇΓöÇΓò»[0m

[31m[MISSING_EXPORT] [0m"Linkedin" is not exported by "node_modules/lucide-react/dist/esm/lucide-react.mjs".
   [38;5;246mΓò¡[0m[38;5;246mΓöÇ[0m[38;5;246m[[0m src/components/experience/ExperienceHero.jsx:2:40 
[38;5;246m][0m
   [38;5;246mΓöé[0m
 [38;5;246m2 Γöé[0m 
[38;5;249mi[0m[38;5;249mm[0m[38;5;249mp[0m[38;5;249mo[0m[38;5;249mr[0m[38;5;249mt[0m[38;5;249m 
[0m[38;5;249m{[0m[38;5;249m [0m[38;5;249mA[0m[38;5;249mr[0m[38;5;249mr[0m[38;5;249mo[0m[38;5;249mw[0m[3
8;5;249mR[0m[38;5;249mi[0m[38;5;249mg[0m[38;5;249mh[0m[38;5;249mt[0m[38;5;249m,[0m[38;5;249m 
[0m[38;5;249mF[0m[38;5;249mi[0m[38;5;249mg[0m[38;5;249mm[0m[38;5;249ma[0m[38;5;249m,[0m[38;5;249m [0m[3
8;5;249mI[0m[38;5;249mn[0m[38;5;249ms[0m[38;5;249mt[0m[38;5;249ma[0m[38;5;249mg[0m[38;5;249mr[0m[38;5;249
ma[0m[38;5;249mm[0m[38;5;249m,[0m[38;5;249m [0mLinkedin[38;5;249m,[0m[38;5;249m [0m[38;5;249mP[0m[38;5;24
9ma[0m[38;5;249mi[0m[38;5;249mn[0m[38;5;249mt[0m[38;5;249mb[0m[38;5;249mr[0m[38;5;249mu[0m[38;5;249ms[0m
[38;5;249mh[0m[38;5;249m [0m[38;5;249m}[0m[38;5;249m 
[0m[38;5;249mf[0m[38;5;249mr[0m[38;5;249mo[0m[38;5;249mm[0m[38;5;249m [0m[38;5;249m"[0m[38;5;249ml[0m[3
8;5;249mu[0m[38;5;249mc[0m[38;5;249mi[0m[38;5;249md[0m[38;5;249me[0m[38;5;249m-[0m[38;5;249mr[0m[38;5;249
me[0m[38;5;249ma[0m[38;5;249mc[0m[38;5;249mt[0m[38;5;249m"[0m[38;5;249m;[0m
 [38;5;240m  Γöé[0m                                        ΓöÇΓöÇΓöÇΓöÇΓö¼ΓöÇΓöÇΓöÇ  
 [38;5;240m  Γöé[0m                                            Γò░ΓöÇΓöÇΓöÇΓöÇΓöÇ Missing export
[38;5;246mΓöÇΓöÇΓöÇΓò»[0m
[31m
    at aggregateBindingErrorsIntoJsError 
(file:///D:/Reedhi/Prakritiportfolio/node_modules/rolldown/dist/shared/error-B8po7KiL.mjs:48:18)
    at unwrapBindingResult 
(file:///D:/Reedhi/Prakritiportfolio/node_modules/rolldown/dist/shared/error-B8po7KiL.mjs:18:128)
    at #build 
(file:///D:/Reedhi/Prakritiportfolio/node_modules/rolldown/dist/shared/rolldown-build-9MccaWPU.mjs:3236:34)
    at async buildEnvironment (file:///D:/Reedhi/Prakritiportfolio/node_modules/vite/dist/node/chunks/node.js:33137:64)
    at async Object.build (file:///D:/Reedhi/Prakritiportfolio/node_modules/vite/dist/node/chunks/node.js:33559:19)
    at async Object.buildApp (file:///D:/Reedhi/Prakritiportfolio/node_modules/vite/dist/node/chunks/node.js:33556:153)
    at async CAC.<anonymous> (file:///D:/Reedhi/Prakritiportfolio/node_modules/vite/dist/node/cli.js:777:3) {
  errors: [Getter/Setter]
}[39m
